2025-11-18 06:28:49,349 - ERROR - Exception on /webhook [POST]
Traceback (most recent call last):
  File "/home/Produkcija2018/.virtualenvs/tv-internet-sbb/lib/python3.10/site-packages/flask/app.py", line 1511, in wsgi_app
    response = self.full_dispatch_request()
  File "/home/Produkcija2018/.virtualenvs/tv-internet-sbb/lib/python3.10/site-packages/flask/app.py", line 920, in full_dispatch_request
    return self.finalize_request(rv)
  File "/home/Produkcija2018/.virtualenvs/tv-internet-sbb/lib/python3.10/site-packages/flask/app.py", line 939, in finalize_request
    response = self.make_response(rv)
  File "/home/Produkcija2018/.virtualenvs/tv-internet-sbb/lib/python3.10/site-packages/flask/app.py", line 1212, in make_response
    raise TypeError(
TypeError: The view function for 'setup_webhook' did not return a valid response. The function either returned None or ended without a return statement.
2025-11-18 06:31:42,601 - ERROR - Exception on /webhook [POST]
Traceback (most recent call last):
  File "/home/Produkcija2018/.virtualenvs/tv-internet-sbb/lib/python3.10/site-packages/flask/app.py", line 1511, in wsgi_app
    response = self.full_dispatch_request()
  File "/home/Produkcija2018/.virtualenvs/tv-internet-sbb/lib/python3.10/site-packages/flask/app.py", line 920, in full_dispatch_request
    return self.finalize_request(rv)
  File "/home/Produkcija2018/.virtualenvs/tv-internet-sbb/lib/python3.10/site-packages/flask/app.py", line 939, in finalize_request
    response = self.make_response(rv)
  File "/home/Produkcija2018/.virtualenvs/tv-internet-sbb/lib/python3.10/site-packages/flask/app.py", line 1212, in make_response
    raise TypeError(
TypeError: The view function for 'setup_webhook' did not return a valid response. The function either returned None or ended without a return statement.
2025-11-18 06:33:12,727 - ERROR - Exception on /webhook [POST]
Traceback (most recent call last):
  File "/home/Produkcija2018/.virtualenvs/tv-internet-sbb/lib/python3.10/site-packages/flask/app.py", line 1511, in wsgi_app
    response = self.full_dispatch_request()
  File "/home/Produkcija2018/.virtualenvs/tv-internet-sbb/lib/python3.10/site-packages/flask/app.py", line 920, in full_dispatch_request
    return self.finalize_request(rv)
  File "/home/Produkcija2018/.virtualenvs/tv-internet-sbb/lib/python3.10/site-packages/flask/app.py", line 939, in finalize_request
    response = self.make_response(rv)
  File "/home/Produkcija2018/.virtualenvs/tv-internet-sbb/lib/python3.10/site-packages/flask/app.py", line 1212, in make_response
    raise TypeError(
TypeError: The view function for 'setup_webhook' did not return a valid response. The function either returned None or ended without a return statement.
2025-11-18 06:35:11,843 - ERROR - Exception on /webhook [POST]
Traceback (most recent call last):
  File "/home/Produkcija2018/.virtualenvs/tv-internet-sbb/lib/python3.10/site-packages/flask/app.py", line 1511, in wsgi_app
    response = self.full_dispatch_request()
  File "/home/Produkcija2018/.virtualenvs/tv-internet-sbb/lib/python3.10/site-packages/flask/app.py", line 920, in full_dispatch_request
    return self.finalize_request(rv)
  File "/home/Produkcija2018/.virtualenvs/tv-internet-sbb/lib/python3.10/site-packages/flask/app.py", line 939, in finalize_request
    response = self.make_response(rv)
  File "/home/Produkcija2018/.virtualenvs/tv-internet-sbb/lib/python3.10/site-packages/flask/app.py", line 1212, in make_response
    raise TypeError(
TypeError: The view function for 'setup_webhook' did not return a valid response. The function either returned None or ended without a return statement.
2025-11-18 06:36:54,957 - ERROR - Exception on /webhook [POST]
Traceback (most recent call last):
  File "/home/Produkcija2018/.virtualenvs/tv-internet-sbb/lib/python3.10/site-packages/flask/app.py", line 1511, in wsgi_app
    response = self.full_dispatch_request()
  File "/home/Produkcija2018/.virtualenvs/tv-internet-sbb/lib/python3.10/site-packages/flask/app.py", line 920, in full_dispatch_request
    return self.finalize_request(rv)
  File "/home/Produkcija2018/.virtualenvs/tv-internet-sbb/lib/python3.10/site-packages/flask/app.py", line 939, in finalize_request
    response = self.make_response(rv)
  File "/home/Produkcija2018/.virtualenvs/tv-internet-sbb/lib/python3.10/site-packages/flask/app.py", line 1212, in make_response
    raise TypeError(
TypeError: The view function for 'setup_webhook' did not return a valid response. The function either returned None or ended without a return statement.
2025-11-18 06:38:05,105 - ERROR - Exception on /webhook [POST]
Traceback (most recent call last):
  File "/home/Produkcija2018/.virtualenvs/tv-internet-sbb/lib/python3.10/site-packages/flask/app.py", line 1511, in wsgi_app
    response = self.full_dispatch_request()
  File "/home/Produkcija2018/.virtualenvs/tv-internet-sbb/lib/python3.10/site-packages/flask/app.py", line 920, in full_dispatch_request
    return self.finalize_request(rv)
  File "/home/Produkcija2018/.virtualenvs/tv-internet-sbb/lib/python3.10/site-packages/flask/app.py", line 939, in finalize_request
    response = self.make_response(rv)
  File "/home/Produkcija2018/.virtualenvs/tv-internet-sbb/lib/python3.10/site-packages/flask/app.py", line 1212, in make_response
    raise TypeError(
TypeError: The view function for 'setup_webhook' did not return a valid response. The function either returned None or ended without a return statement.
2025-11-18 15:53:58,079 - ERROR - ❌ Greška u webhook: 'message'
2025-11-18 15:55:37,742 - ERROR - ❌ Nedostaje 'message' u podacima
2025-11-18 15:55:43,699 - ERROR - ❌ Nedostaje 'message' u podacima
2025-11-18 16:59:48,187 - ERROR - ❌ Greška pri čuvanju leada: table leads has no column named chat_id
2025-11-19 06:45:23,816 - ERROR - ❌ Greška pri čuvanju leada: table leads has no column named chat_id
