2025-11-18 16:59:47,658 - INFO - ai_webhook_bot - 💬 Poruka od hram032 (7727270759): Zelim da se prijavim
2025-11-18 16:59:48,187 - ERROR - ai_webhook_bot - ❌ Greška pri čuvanju leada: table leads has no column named chat_id
2025-11-18 16:59:48,634 - INFO - ai_webhook_bot - ✅ Telegram poruka uspešno poslata
2025-11-19 05:45:19,664 - INFO - ai_webhook_bot - 👨‍💼 Admin panel pristupan
2025-11-19 06:30:05,839 - INFO - ai_webhook_bot - 📨 Webhook zahtev primljen
2025-11-19 06:30:05,858 - INFO - ai_webhook_bot - 💬 Poruka od hram032 (7727270759): /start
2025-11-19 06:30:06,742 - INFO - ai_webhook_bot - ✅ Telegram poruka uspešno poslata
2025-11-19 06:30:56,916 - INFO - ai_webhook_bot - 📨 Webhook zahtev primljen
2025-11-19 06:30:56,917 - INFO - ai_webhook_bot - 💬 Poruka od hram032 (7727270759): Kako da se odlučim?
2025-11-19 06:30:56,928 - INFO - ai_webhook_bot - 🧠 Ana AI procesira poruku od hram032: Kako da se odlučim?
2025-11-19 06:31:03,435 - INFO - ai_webhook_bot - 🧠 Ana AI odgovor: Zdravo hram032! Kada se odlučujete za SBB TV i internet paket, trebalo bi da razmislite o svojim potrebama i preferencijama u pogledu brzine interneta i broja TV kanala. Evo pregleda dostupnih paketa:

1. **BASIC paket** - Cena: 2.490 RSD
   - Internet: 150/50 Mbps
   - TV: 130+ kanala

2. **PLUS paket** - Cena: 3.290 RSD
   - Internet: 300/100 Mbps
   - TV: 200+ kanala

3. **PREMIUM paket** - Cena: 4.190 RSD
   - Internet: 500/150 Mbps
   - TV: 300+ kanala

Ako vam je potrebno više informacija o određenom paketu ili imate specifične potrebe, slobodno postavite dodatna pitanja. Želim da vam pomognem da donesete najbolju odluku za vaše potrebe!
2025-11-19 06:31:04,059 - INFO - ai_webhook_bot - ✅ Telegram poruka uspešno poslata
2025-11-19 06:31:38,283 - INFO - ai_webhook_bot - 📨 Webhook zahtev primljen
2025-11-19 06:31:38,290 - INFO - ai_webhook_bot - 💬 Poruka od hram032 (7727270759): Neznam sta volim
2025-11-19 06:31:38,299 - INFO - ai_webhook_bot - 🧠 Ana AI procesira poruku od hram032: Neznam sta volim
2025-11-19 06:31:41,352 - INFO - ai_webhook_bot - 🧠 Ana AI odgovor: Razumem da može biti teško odlučiti se kada imate mnogo opcija. Evo nekoliko pitanja koja vam mogu pomoći da razmislite o tome šta vam je važno kada je u pitanju TV i internet paket:

1. Koliko vremena provodite na internetu i kakve aktivnosti obično obavljate (streaming, igranje igara, rad od kuće)?
2. Da li volite da gledate TV i koliko vam je važan izbor TV kanala?
3. Da li imate više uređaja u kući koji koriste internet istovremeno?
4. Da li preferirate brži internet ili veći broj TV kanala?

Odgovori na ova pitanja mogu vam pomoći da bolje razumete svoje potrebe i da lakše odaberete odgovarajući paket. Ako vam je potrebna dodatna pomoć ili savet, slobodno se obratite. Uvek sam tu da pomognem!
2025-11-19 06:31:41,890 - INFO - ai_webhook_bot - ✅ Telegram poruka uspešno poslata
2025-11-19 06:42:34,611 - INFO - ai_webhook_bot - 📨 Webhook zahtev primljen
2025-11-19 06:42:34,613 - INFO - ai_webhook_bot - 💬 Poruka od hram032 (7727270759): Kako do prijave
2025-11-19 06:42:34,621 - INFO - ai_webhook_bot - 🧠 Ana AI procesira poruku od hram032: Kako do prijave
2025-11-19 06:42:35,977 - INFO - ai_webhook_bot - 🧠 Ana AI odgovor: Da biste se prijavili za neki od SBB TV i internet paketa, možemo pokrenuti formular za prijavu. Molim vas da mi prvo kažete za koji tip paketa se odlučujete - da li za paket namenjen domaćinstvima (BASIC, PLUS, PREMIUM) ili za neki od biznis paketa (BUSINESS START, BUSINESS PRO, BUSINESS MAX)? Nakon što mi navedete koji paket želite, pokrenućemo formular za prijavu i vodićemo vas kroz ceo proces. Unapred hvala na informaciji o odabiru paketa!
2025-11-19 06:42:36,382 - INFO - ai_webhook_bot - ✅ Telegram poruka uspešno poslata
2025-11-19 06:43:40,510 - INFO - ai_webhook_bot - 📨 Webhook zahtev primljen
2025-11-19 06:43:40,514 - INFO - ai_webhook_bot - 💬 Poruka od hram032 (7727270759): Moje ime Srdjan
2025-11-19 06:43:40,521 - INFO - ai_webhook_bot - 🧠 Ana AI procesira poruku od hram032: Moje ime Srdjan
2025-11-19 06:43:43,692 - INFO - ai_webhook_bot - 🧠 Ana AI odgovor: Zdravo Srdjane! Kako se odlučujete za SBB TV i internet paket danas? Da li biste želeli da se prijavite za paket namenjen domaćinstvima (BASIC, PLUS, PREMIUM) ili za neki od biznis paketa (BUSINESS START, BUSINESS PRO, BUSINESS MAX)? Molim vas da mi saopštite koji paket želite, kako bismo započeli proces prijave. Hvala vam na informaciji, Srdjane! 📺🌐
2025-11-19 06:43:44,180 - INFO - ai_webhook_bot - ✅ Telegram poruka uspešno poslata
2025-11-19 06:44:08,689 - INFO - ai_webhook_bot - 📨 Webhook zahtev primljen
2025-11-19 06:44:08,693 - INFO - ai_webhook_bot - 💬 Poruka od hram032 (7727270759): Plus
2025-11-19 06:44:08,698 - INFO - ai_webhook_bot - 🧠 Ana AI procesira poruku od hram032: Plus
2025-11-19 06:44:12,052 - INFO - ai_webhook_bot - 🧠 Ana AI odgovor: Odlično, Srdjane! Odabrali ste PLUS paket koji uključuje brzinu interneta od 300/100 Mbps i preko 200 TV kanala. Sada ćemo pokrenuti formular za prijavu za PLUS paket. Molim vas da popunite sledeće informacije:

1. Ime i prezime:
2. Adresa stanovanja:
3. Kontakt telefon:
4. Email adresa (opciono):

Kada popunite ove informacije, bićete prijavljeni za PLUS paket SBB TV i interneta. Hajde da počnemo!📺🌐
2025-11-19 06:44:12,700 - INFO - ai_webhook_bot - ✅ Telegram poruka uspešno poslata
2025-11-19 06:45:52,169 - INFO - ai_webhook_bot - 📨 Webhook zahtev primljen
2025-11-19 06:45:52,172 - INFO - ai_webhook_bot - 💬 Poruka od hram032 (7727270759): Zelim da vidim taj formular
2025-11-19 06:45:52,718 - INFO - ai_webhook_bot - ✅ Telegram poruka uspešno poslata
2025-11-19 12:07:25,210 - INFO - ai_webhook_bot - ✅ Baza podataka inicijalizovana
